// Jest Snapshot v1, https://goo.gl/fbAQLP

exports[`Pruebas en PrimeraApp should mostrar <PrimeraApp/> correctamente 1`] = `
<Fragment>
  <h1>
     
    Hola, soy Goku
     
  </h1>
  <p>
    Mi primera aplicaci√≥n
  </p>
</Fragment>
`;
